Quick setup — if you’ve done this kind of thing before
or	
HTTPS
SSH
https://github.com/asenlie528/wpu-git-test-2.git
Get started by creating a new file or uploading an existing file. We recommend every repository include a README, LICENSE, and .gitignore.

…or create a new repository on the command line
echo "# wpu-git-test-2" >> README.md
git init
git add README.md
git commit -m "first commit"
git remote add origin https://github.com/asenlie528/wpu-git-test-2.git
git push -u origin master
                
…or push an existing repository from the command line
git remote add origin https://github.com/asenlie528/wpu-git-test-2.git
git push -u origin master
…or import code from another repository
You can initialize this repository with code from a Subversion, Mercurial, or TFS project.



git remote add origin https://github.com/asenlie528/wpu-git-test-2.git


LENOVO@LENOVO-PC MINGW64 /d/wpu-git-test-2 (master)
$ git remote add origin https://github.com/asenlie528/wpu-git-test-2.git

LENOVO@LENOVO-PC MINGW64 /d/wpu-git-test-2 (master)
$ git remote
origin

LENOVO@LENOVO-PC MINGW64 /d/wpu-git-test-2 (master)
$ git remote -v
origin  https://github.com/asenlie528/wpu-git-test-2.git (fetch)
origin  https://github.com/asenlie528/wpu-git-test-2.git (push)



LENOVO@LENOVO-PC MINGW64 /d/wpu-git-test-2 (master)
$ git push -u origin master
Enumerating objects: 6, done.
Counting objects: 100% (6/6), done.
Delta compression using up to 4 threads
Compressing objects: 100% (4/4), done.
Writing objects: 100% (6/6), 777 bytes | 388.00 KiB/s, done.
Total 6 (delta 1), reused 0 (delta 0), pack-reused 0
remote: Resolving deltas: 100% (1/1), done.
To https://github.com/asenlie528/wpu-git-test-2.git
 * [new branch]      master -> master
Branch 'master' set up to track remote branch 'master' from 'origin'.

===================================================
Kalau ada yang sama / double menambahkan file yang sama. Baik di Github maupun di Git
---------------------------------------------------

LENOVO@LENOVO-PC MINGW64 /d/wpu-git-test-2 (master)
$ git add .

LENOVO@LENOVO-PC MINGW64 /d/wpu-git-test-2 (master)
$ git commit -m "Menambahkan file style.css"
[master 093b3bd] Menambahkan file style.css
 1 file changed, 3 insertions(+)
 create mode 100644 style.css

LENOVO@LENOVO-PC MINGW64 /d/wpu-git-test-2 (master)
$ git push
To https://github.com/asenlie528/wpu-git-test-2.git
 ! [rejected]        master -> master (fetch first)
error: failed to push some refs to 'https://github.com/asenlie528/wpu-git-test-2.git'
hint: Updates were rejected because the remote contains work that you do
hint: not have locally. This is usually caused by another repository pushing
hint: to the same ref. You may want to first integrate the remote changes
hint: (e.g., 'git pull ...') before pushing again.
hint: See the 'Note about fast-forwards' in 'git push --help' for details.



============== Cek dulu ===============
LENOVO@LENOVO-PC MINGW64 /d/wpu-git-test-2 (master)
$ git fetch
remote: Enumerating objects: 4, done.
remote: Counting objects: 100% (4/4), done.
remote: Compressing objects: 100% (2/2), done.
remote: Total 3 (delta 0), reused 0 (delta 0), pack-reused 0
Unpacking objects: 100% (3/3), 737 bytes | 4.00 KiB/s, done.
From https://github.com/asenlie528/wpu-git-test-2
   e84ac0e..dfb82b2  master     -> origin/master


LENOVO@LENOVO-PC MINGW64 /d/wpu-git-test-2 (master)
$ git status
On branch master
Your branch and 'origin/master' have diverged,
and have 1 and 1 different commits each, respectively.
  (use "git pull" to merge the remote branch into yours)



LENOVO@LENOVO-PC MINGW64 /d/wpu-git-test-2 (master)
$ graph
* 093b3bd (HEAD -> master) Menambahkan file style.css
| * dfb82b2 (origin/master) Menambahkan file style.css
|/
* e84ac0e Revisi file index.php
* 3709ee5 Revisi file Remote.txt
* fac71f8 Revisi file index.php
* f85e425 Tambah file index.php



LENOVO@LENOVO-PC MINGW64 /d/wpu-git-test-2 (master)
$ git pull
CONFLICT (add/add): Merge conflict in style.css
Auto-merging style.css
Automatic merge failed; fix conflicts and then commit the result.



